2026-07-28 09:44:06,043 [INFO] apscheduler.scheduler: Adding job tentatively -- it will be properly scheduled when the scheduler starts
2026-07-28 09:44:06,043 [INFO] apscheduler.scheduler: Adding job tentatively -- it will be properly scheduled when the scheduler starts
2026-07-28 09:44:06,043 [INFO] apscheduler.scheduler: Adding job tentatively -- it will be properly scheduled when the scheduler starts
2026-07-28 09:44:06,044 [INFO] apscheduler.scheduler: Added job "daily_nav_update" to job store "default"
2026-07-28 09:44:06,045 [INFO] apscheduler.scheduler: Added job "backfill_prediction_errors" to job store "default"
2026-07-28 09:44:06,045 [INFO] apscheduler.scheduler: Added job "weekly_model_health_check" to job store "default"
2026-07-28 09:44:06,045 [INFO] apscheduler.scheduler: Scheduler started
2026-07-28 10:01:20,501 [INFO] apscheduler.scheduler: Adding job tentatively -- it will be properly scheduled when the scheduler starts
2026-07-28 10:01:20,502 [INFO] apscheduler.scheduler: Adding job tentatively -- it will be properly scheduled when the scheduler starts
2026-07-28 10:01:20,502 [INFO] apscheduler.scheduler: Adding job tentatively -- it will be properly scheduled when the scheduler starts
2026-07-28 10:01:20,503 [INFO] apscheduler.scheduler: Added job "daily_nav_update" to job store "default"
2026-07-28 10:01:20,503 [INFO] apscheduler.scheduler: Added job "backfill_prediction_errors" to job store "default"
2026-07-28 10:01:20,503 [INFO] apscheduler.scheduler: Added job "weekly_model_health_check" to job store "default"
2026-07-28 10:01:20,504 [INFO] apscheduler.scheduler: Scheduler started
2026-07-28 10:01:33,431 [INFO] app.services.quant.qlib_init: qlib 已初始化, provider_uri=/home/joakim/qunt_project/data/qlib_bin/cn_data
2026-07-28 10:01:48,076 [ERROR] app.api.factor: 因子评价失败 factor_id=1
Traceback (most recent call last):
  File "/home/joakim/qunt_project/.venv/lib/python3.11/site-packages/sqlalchemy/engine/base.py", line 1817, in _execute_context
    context = constructor(
              ^^^^^^^^^^^^
  File "/home/joakim/qunt_project/.venv/lib/python3.11/site-packages/sqlalchemy/engine/default.py", line 1494, in _init_compiled
    l_param: List[Any] = [
                         ^
  File "/home/joakim/qunt_project/.venv/lib/python3.11/site-packages/sqlalchemy/engine/default.py", line 1496, in <listcomp>
    flattened_processors[key](compiled_params[key])
  File "lib/sqlalchemy/cyextension/processors.pyx", line 27, in sqlalchemy.cyextension.processors.to_float
ValueError: could not convert string to float: '{"1": null, "2": null, "3": null, "4": null, "5": null, "6": null, "7": null, "8": null, "9": null, "10": null}'

The above exception was the direct cause of the following exception:

Traceback (most recent call last):
  File "/home/joakim/qunt_project/backend/app/api/factor.py", line 75, in _eval_factor_task
    await evaluate_factor_by_id(factor_id, start, end)
  File "/home/joakim/qunt_project/backend/app/services/factor/library.py", line 95, in evaluate_factor_by_id
    await update_factor_metrics(factor_id, metrics)
  File "/home/joakim/qunt_project/backend/app/services/factor/library.py", line 81, in update_factor_metrics
    await session.commit()
  File "/home/joakim/qunt_project/.venv/lib/python3.11/site-packages/sqlalchemy/ext/asyncio/session.py", line 999, in commit
    await greenlet_spawn(self.sync_session.commit)
  File "/home/joakim/qunt_project/.venv/lib/python3.11/site-packages/sqlalchemy/util/_concurrency_py3k.py", line 203, in greenlet_spawn
    result = context.switch(value)
             ^^^^^^^^^^^^^^^^^^^^^
  File "/home/joakim/qunt_project/.venv/lib/python3.11/site-packages/sqlalchemy/orm/session.py", line 2035, in commit
    trans.commit(_to_root=True)
  File "<string>", line 2, in commit
  File "/home/joakim/qunt_project/.venv/lib/python3.11/site-packages/sqlalchemy/orm/state_changes.py", line 137, in _go
    ret_value = fn(self, *arg, **kw)
                ^^^^^^^^^^^^^^^^^^^^
  File "/home/joakim/qunt_project/.venv/lib/python3.11/site-packages/sqlalchemy/orm/session.py", line 1316, in commit
    self._prepare_impl()
  File "<string>", line 2, in _prepare_impl
  File "/home/joakim/qunt_project/.venv/lib/python3.11/site-packages/sqlalchemy/orm/state_changes.py", line 137, in _go
    ret_value = fn(self, *arg, **kw)
                ^^^^^^^^^^^^^^^^^^^^
  File "/home/joakim/qunt_project/.venv/lib/python3.11/site-packages/sqlalchemy/orm/session.py", line 1290, in _prepare_impl
    self.session.flush()
  File "/home/joakim/qunt_project/.venv/lib/python3.11/site-packages/sqlalchemy/orm/session.py", line 4353, in flush
    self._flush(objects)
  File "/home/joakim/qunt_project/.venv/lib/python3.11/site-packages/sqlalchemy/orm/session.py", line 4488, in _flush
    with util.safe_reraise():
  File "/home/joakim/qunt_project/.venv/lib/python3.11/site-packages/sqlalchemy/util/langhelpers.py", line 122, in __exit__
    raise exc_value.with_traceback(exc_tb)
  File "/home/joakim/qunt_project/.venv/lib/python3.11/site-packages/sqlalchemy/orm/session.py", line 4449, in _flush
    flush_context.execute()
  File "/home/joakim/qunt_project/.venv/lib/python3.11/site-packages/sqlalchemy/orm/unitofwork.py", line 465, in execute
    rec.execute(self)
  File "/home/joakim/qunt_project/.venv/lib/python3.11/site-packages/sqlalchemy/orm/unitofwork.py", line 641, in execute
    util.preloaded.orm_persistence.save_obj(
  File "/home/joakim/qunt_project/.venv/lib/python3.11/site-packages/sqlalchemy/orm/persistence.py", line 86, in save_obj
    _emit_update_statements(
  File "/home/joakim/qunt_project/.venv/lib/python3.11/site-packages/sqlalchemy/orm/persistence.py", line 913, in _emit_update_statements
    c = connection.execute(
        ^^^^^^^^^^^^^^^^^^^
  File "/home/joakim/qunt_project/.venv/lib/python3.11/site-packages/sqlalchemy/engine/base.py", line 1421, in execute
    return meth(
           ^^^^^
  File "/home/joakim/qunt_project/.venv/lib/python3.11/site-packages/sqlalchemy/sql/elements.py", line 526, in _execute_on_connection
    return connection._execute_clauseelement(
           ^^^^^^^^^^^^^^^^^^^^^^^^^^^^^^^^^^
  File "/home/joakim/qunt_project/.venv/lib/python3.11/site-packages/sqlalchemy/engine/base.py", line 1643, in _execute_clauseelement
    ret = self._execute_context(
          ^^^^^^^^^^^^^^^^^^^^^^
  File "/home/joakim/qunt_project/.venv/lib/python3.11/site-packages/sqlalchemy/engine/base.py", line 1823, in _execute_context
    self._handle_dbapi_exception(
  File "/home/joakim/qunt_project/.venv/lib/python3.11/site-packages/sqlalchemy/engine/base.py", line 2365, in _handle_dbapi_exception
    raise sqlalchemy_exception.with_traceback(exc_info[2]) from e
  File "/home/joakim/qunt_project/.venv/lib/python3.11/site-packages/sqlalchemy/engine/base.py", line 1817, in _execute_context
    context = constructor(
              ^^^^^^^^^^^^
  File "/home/joakim/qunt_project/.venv/lib/python3.11/site-packages/sqlalchemy/engine/default.py", line 1494, in _init_compiled
    l_param: List[Any] = [
                         ^
  File "/home/joakim/qunt_project/.venv/lib/python3.11/site-packages/sqlalchemy/engine/default.py", line 1496, in <listcomp>
    flattened_processors[key](compiled_params[key])
  File "lib/sqlalchemy/cyextension/processors.pyx", line 27, in sqlalchemy.cyextension.processors.to_float
sqlalchemy.exc.StatementError: (builtins.ValueError) could not convert string to float: '{"1": null, "2": null, "3": null, "4": null, "5": null, "6": null, "7": null, "8": null, "9": null, "10": null}'
[SQL: UPDATE factor SET ic=?, rank_ic=?, icir=?, ir=?, turnover=?, decay=?, eval_start=?, eval_end=?, evaluated_at=? WHERE factor.id = ?]
[parameters: [{'evaluated_at': datetime.datetime(2026, 7, 28, 10, 1, 48, 73895), 'ic': 0.2078, 'ir': 0.423, 'icir': 0.4447, 'eval_start': '2020-01-01', 'decay': '{" ... (39 characters truncated) ... ll, "5": null, "6": null, "7": null, "8": null, "9": null, "10": null}', 'turnover': 0.0, 'rank_ic': 0.2077, 'eval_end': '2024-12-31', 'factor_id': 1}]]
2026-07-28 10:03:30,556 [INFO] apscheduler.scheduler: Adding job tentatively -- it will be properly scheduled when the scheduler starts
2026-07-28 10:03:30,556 [INFO] apscheduler.scheduler: Adding job tentatively -- it will be properly scheduled when the scheduler starts
2026-07-28 10:03:30,557 [INFO] apscheduler.scheduler: Adding job tentatively -- it will be properly scheduled when the scheduler starts
2026-07-28 10:03:30,557 [INFO] apscheduler.scheduler: Added job "daily_nav_update" to job store "default"
2026-07-28 10:03:30,557 [INFO] apscheduler.scheduler: Added job "backfill_prediction_errors" to job store "default"
2026-07-28 10:03:30,557 [INFO] apscheduler.scheduler: Added job "weekly_model_health_check" to job store "default"
2026-07-28 10:03:30,557 [INFO] apscheduler.scheduler: Scheduler started
2026-07-28 10:03:43,629 [INFO] app.services.quant.qlib_init: qlib 已初始化, provider_uri=/home/joakim/qunt_project/data/qlib_bin/cn_data
2026-07-28 10:15:25,275 [INFO] apscheduler.scheduler: Adding job tentatively -- it will be properly scheduled when the scheduler starts
2026-07-28 10:15:25,276 [INFO] apscheduler.scheduler: Adding job tentatively -- it will be properly scheduled when the scheduler starts
2026-07-28 10:15:25,276 [INFO] apscheduler.scheduler: Adding job tentatively -- it will be properly scheduled when the scheduler starts
2026-07-28 10:15:25,276 [INFO] apscheduler.scheduler: Added job "daily_nav_update" to job store "default"
2026-07-28 10:15:25,277 [INFO] apscheduler.scheduler: Added job "backfill_prediction_errors" to job store "default"
2026-07-28 10:15:25,277 [INFO] apscheduler.scheduler: Added job "weekly_model_health_check" to job store "default"
2026-07-28 10:15:25,277 [INFO] apscheduler.scheduler: Scheduler started
2026-07-28 10:15:48,163 [INFO] app.services.quant.qlib_init: qlib 已初始化, provider_uri=/home/joakim/qunt_project/data/qlib_bin/cn_data
2026-07-28 10:16:12,016 [ERROR] app.api.strategy: 策略回测失败 strategy_id=1
Traceback (most recent call last):
  File "/home/joakim/qunt_project/backend/app/api/strategy.py", line 62, in _run_backtest_task
    await run_strategy_backtest(strategy_id, start, end)
  File "/home/joakim/qunt_project/backend/app/services/strategy/manager.py", line 83, in run_strategy_backtest
    factor_ids = json.loads(strategy["factor_ids"]) if strategy["factor_ids"] else []
                 ^^^^^^^^^^^^^^^^^^^^^^^^^^^^^^^^^^
  File "/home/joakim/.local/share/uv/python/cpython-3.11.15-linux-x86_64-gnu/lib/python3.11/json/__init__.py", line 339, in loads
    raise TypeError(f'the JSON object must be str, bytes or bytearray, '
TypeError: the JSON object must be str, bytes or bytearray, not list
2026-07-28 10:18:06,594 [INFO] apscheduler.scheduler: Adding job tentatively -- it will be properly scheduled when the scheduler starts
2026-07-28 10:18:06,594 [INFO] apscheduler.scheduler: Adding job tentatively -- it will be properly scheduled when the scheduler starts
2026-07-28 10:18:06,595 [INFO] apscheduler.scheduler: Adding job tentatively -- it will be properly scheduled when the scheduler starts
2026-07-28 10:18:06,595 [INFO] apscheduler.scheduler: Added job "daily_nav_update" to job store "default"
2026-07-28 10:18:06,595 [INFO] apscheduler.scheduler: Added job "backfill_prediction_errors" to job store "default"
2026-07-28 10:18:06,596 [INFO] apscheduler.scheduler: Added job "weekly_model_health_check" to job store "default"
2026-07-28 10:18:06,596 [INFO] apscheduler.scheduler: Scheduler started
2026-07-28 10:18:21,382 [INFO] app.services.quant.qlib_init: qlib 已初始化, provider_uri=/home/joakim/qunt_project/data/qlib_bin/cn_data
2026-07-28 10:18:22,848 [INFO] app.services.quant.backtest_engine: 回测: 2025-01-01~2026-07-27 topk=50 n_drop=5 benchmark=SH000300
2026-07-28 11:52:45,055 [INFO] apscheduler.scheduler: Adding job tentatively -- it will be properly scheduled when the scheduler starts
2026-07-28 11:52:45,057 [INFO] apscheduler.scheduler: Adding job tentatively -- it will be properly scheduled when the scheduler starts
2026-07-28 11:52:45,057 [INFO] apscheduler.scheduler: Adding job tentatively -- it will be properly scheduled when the scheduler starts
2026-07-28 11:52:45,058 [INFO] apscheduler.scheduler: Added job "daily_nav_update" to job store "default"
2026-07-28 11:52:45,058 [INFO] apscheduler.scheduler: Added job "backfill_prediction_errors" to job store "default"
2026-07-28 11:52:45,059 [INFO] apscheduler.scheduler: Added job "weekly_model_health_check" to job store "default"
2026-07-28 11:52:45,059 [INFO] apscheduler.scheduler: Scheduler started
2026-07-28 11:52:45,160 [INFO] apscheduler.scheduler: Scheduler has been shut down
2026-07-28 11:52:46,711 [INFO] apscheduler.scheduler: Adding job tentatively -- it will be properly scheduled when the scheduler starts
2026-07-28 11:52:46,712 [INFO] apscheduler.scheduler: Adding job tentatively -- it will be properly scheduled when the scheduler starts
2026-07-28 11:52:46,712 [INFO] apscheduler.scheduler: Adding job tentatively -- it will be properly scheduled when the scheduler starts
2026-07-28 11:52:46,712 [INFO] apscheduler.scheduler: Added job "daily_nav_update" to job store "default"
2026-07-28 11:52:46,713 [INFO] apscheduler.scheduler: Added job "backfill_prediction_errors" to job store "default"
2026-07-28 11:52:46,713 [INFO] apscheduler.scheduler: Added job "weekly_model_health_check" to job store "default"
2026-07-28 11:52:46,713 [INFO] apscheduler.scheduler: Scheduler started
2026-07-28 11:53:06,766 [INFO] apscheduler.scheduler: Scheduler has been shut down
2026-07-28 11:53:13,647 [INFO] apscheduler.scheduler: Adding job tentatively -- it will be properly scheduled when the scheduler starts
2026-07-28 11:53:13,648 [INFO] apscheduler.scheduler: Adding job tentatively -- it will be properly scheduled when the scheduler starts
2026-07-28 11:53:13,649 [INFO] apscheduler.scheduler: Adding job tentatively -- it will be properly scheduled when the scheduler starts
2026-07-28 11:53:13,649 [INFO] apscheduler.scheduler: Added job "daily_nav_update" to job store "default"
2026-07-28 11:53:13,650 [INFO] apscheduler.scheduler: Added job "backfill_prediction_errors" to job store "default"
2026-07-28 11:53:13,650 [INFO] apscheduler.scheduler: Added job "weekly_model_health_check" to job store "default"
2026-07-28 11:53:13,650 [INFO] apscheduler.scheduler: Scheduler started
2026-07-28 11:53:20,870 [INFO] apscheduler.scheduler: Scheduler has been shut down
2026-07-28 11:53:22,575 [INFO] apscheduler.scheduler: Adding job tentatively -- it will be properly scheduled when the scheduler starts
2026-07-28 11:53:22,575 [INFO] apscheduler.scheduler: Adding job tentatively -- it will be properly scheduled when the scheduler starts
2026-07-28 11:53:22,575 [INFO] apscheduler.scheduler: Adding job tentatively -- it will be properly scheduled when the scheduler starts
2026-07-28 11:53:22,576 [INFO] apscheduler.scheduler: Added job "daily_nav_update" to job store "default"
2026-07-28 11:53:22,576 [INFO] apscheduler.scheduler: Added job "backfill_prediction_errors" to job store "default"
2026-07-28 11:53:22,576 [INFO] apscheduler.scheduler: Added job "weekly_model_health_check" to job store "default"
2026-07-28 11:53:22,576 [INFO] apscheduler.scheduler: Scheduler started
2026-07-28 11:53:30,702 [INFO] app.services.quant.qlib_init: qlib 已初始化, provider_uri=/home/joakim/qunt_project/data/qlib_bin/cn_data
2026-07-28 11:53:33,512 [INFO] apscheduler.scheduler: Scheduler has been shut down
2026-07-28 13:34:43,472 [INFO] apscheduler.scheduler: Adding job tentatively -- it will be properly scheduled when the scheduler starts
2026-07-28 13:34:43,475 [INFO] apscheduler.scheduler: Added job "daily_quant_data_update" to job store "default"
2026-07-28 13:34:43,475 [INFO] apscheduler.scheduler: Scheduler started
2026-07-28 13:34:49,387 [INFO] app.services.quant.qlib_init: qlib 已初始化, provider_uri=/home/joakim/qunt_project/data/qlib_bin/cn_data
2026-07-28 13:34:49,591 [INFO] apscheduler.scheduler: Scheduler has been shut down
2026-07-28 13:35:00,346 [INFO] apscheduler.scheduler: Adding job tentatively -- it will be properly scheduled when the scheduler starts
2026-07-28 13:35:00,346 [INFO] apscheduler.scheduler: Added job "daily_quant_data_update" to job store "default"
2026-07-28 13:35:00,347 [INFO] apscheduler.scheduler: Scheduler started
2026-07-28 13:35:05,167 [INFO] app.services.quant.qlib_init: qlib 已初始化, provider_uri=/home/joakim/qunt_project/data/qlib_bin/cn_data
2026-07-28 13:35:05,368 [INFO] apscheduler.scheduler: Scheduler has been shut down
2026-07-28 13:38:57,333 [INFO] apscheduler.scheduler: Adding job tentatively -- it will be properly scheduled when the scheduler starts
2026-07-28 13:38:57,334 [INFO] apscheduler.scheduler: Added job "daily_quant_data_update" to job store "default"
2026-07-28 13:38:57,334 [INFO] apscheduler.scheduler: Scheduler started
2026-07-28 13:39:03,381 [INFO] app.services.quant.qlib_init: qlib 已初始化, provider_uri=/home/joakim/qunt_project/data/qlib_bin/cn_data
2026-07-28 13:39:16,780 [INFO] app.services.quant.backtest_engine: 回测: 2025-01-01~2026-07-27 topk=50 n_drop=5 freq=day benchmark=SH000300
2026-07-28 13:39:50,708 [INFO] apscheduler.scheduler: Scheduler has been shut down
2026-07-28 13:41:11,862 [INFO] apscheduler.scheduler: Adding job tentatively -- it will be properly scheduled when the scheduler starts
2026-07-28 13:41:11,862 [INFO] apscheduler.scheduler: Added job "daily_quant_data_update" to job store "default"
2026-07-28 13:41:11,862 [INFO] apscheduler.scheduler: Scheduler started
2026-07-28 13:41:17,726 [INFO] app.services.quant.qlib_init: qlib 已初始化, provider_uri=/home/joakim/qunt_project/data/qlib_bin/cn_data
2026-07-28 13:41:31,091 [INFO] app.services.quant.backtest_engine: 回测: 2025-01-01~2026-07-27 topk=50 n_drop=5 freq=day benchmark=SH000300
2026-07-28 13:42:05,030 [INFO] apscheduler.scheduler: Scheduler has been shut down
2026-07-28 13:43:42,520 [INFO] apscheduler.scheduler: Adding job tentatively -- it will be properly scheduled when the scheduler starts
2026-07-28 13:43:42,521 [INFO] apscheduler.scheduler: Added job "daily_quant_data_update" to job store "default"
2026-07-28 13:43:42,521 [INFO] apscheduler.scheduler: Scheduler started
2026-07-28 13:43:56,478 [INFO] app.services.quant.qlib_init: qlib 已初始化, provider_uri=/home/joakim/qunt_project/data/qlib_bin/cn_data
2026-07-28 13:44:04,299 [INFO] apscheduler.scheduler: Scheduler has been shut down
2026-07-28 14:08:30,542 [INFO] apscheduler.scheduler: Adding job tentatively -- it will be properly scheduled when the scheduler starts
2026-07-28 14:08:30,545 [INFO] apscheduler.scheduler: Added job "daily_quant_data_update" to job store "default"
2026-07-28 14:08:30,545 [INFO] apscheduler.scheduler: Scheduler started
2026-07-28 14:08:37,589 [INFO] app.services.quant.qlib_init: qlib 已初始化, provider_uri=/home/joakim/qunt_project/data/qlib_bin/cn_data
2026-07-28 14:08:43,871 [INFO] app.services.quant.data_adapter: 开始同步 300 只股票到 qlib (2020-01-01 -> 2026-07-28)
2026-07-28 14:08:48,510 [WARNING] app.services.quant.data_adapter: 拉取失败 unknown: ('Connection aborted.', RemoteDisconnected('Remote end closed connection without response'))
2026-07-28 14:08:48,543 [WARNING] app.services.quant.data_adapter: 拉取失败 unknown: ('Connection aborted.', RemoteDisconnected('Remote end closed connection without response'))
2026-07-28 14:08:48,651 [WARNING] app.services.quant.data_adapter: 拉取失败 unknown: ('Connection aborted.', RemoteDisconnected('Remote end closed connection without response'))
2026-07-28 14:08:48,755 [WARNING] app.services.quant.data_adapter: 拉取失败 unknown: ('Connection aborted.', RemoteDisconnected('Remote end closed connection without response'))
2026-07-28 14:08:48,855 [WARNING] app.services.quant.data_adapter: 拉取失败 unknown: ('Connection aborted.', RemoteDisconnected('Remote end closed connection without response'))
2026-07-28 14:08:48,971 [WARNING] app.services.quant.data_adapter: 拉取失败 unknown: ('Connection aborted.', RemoteDisconnected('Remote end closed connection without response'))
2026-07-28 14:08:49,078 [WARNING] app.services.quant.data_adapter: 拉取失败 unknown: ('Connection aborted.', RemoteDisconnected('Remote end closed connection without response'))
2026-07-28 14:08:49,232 [WARNING] app.services.quant.data_adapter: 拉取失败 unknown: ('Connection aborted.', RemoteDisconnected('Remote end closed connection without response'))
2026-07-28 14:08:49,342 [WARNING] app.services.quant.data_adapter: 拉取失败 unknown: ('Connection aborted.', RemoteDisconnected('Remote end closed connection without response'))
2026-07-28 14:08:49,528 [WARNING] app.services.quant.data_adapter: 拉取失败 unknown: ('Connection aborted.', RemoteDisconnected('Remote end closed connection without response'))
2026-07-28 14:08:49,658 [WARNING] app.services.quant.data_adapter: 拉取失败 unknown: ('Connection aborted.', RemoteDisconnected('Remote end closed connection without response'))
2026-07-28 14:08:49,787 [WARNING] app.services.quant.data_adapter: 拉取失败 unknown: ('Connection aborted.', RemoteDisconnected('Remote end closed connection without response'))
2026-07-28 14:08:49,897 [WARNING] app.services.quant.data_adapter: 拉取失败 unknown: ('Connection aborted.', RemoteDisconnected('Remote end closed connection without response'))
2026-07-28 14:08:50,025 [WARNING] app.services.quant.data_adapter: 拉取失败 unknown: ('Connection aborted.', RemoteDisconnected('Remote end closed connection without response'))
2026-07-28 14:08:50,038 [WARNING] app.services.quant.data_adapter: 拉取失败 unknown: ('Connection aborted.', RemoteDisconnected('Remote end closed connection without response'))
2026-07-28 14:08:50,121 [WARNING] app.services.quant.data_adapter: 拉取失败 unknown: ('Connection aborted.', RemoteDisconnected('Remote end closed connection without response'))
2026-07-28 14:08:50,128 [WARNING] app.services.quant.data_adapter: 拉取失败 unknown: ('Connection aborted.', RemoteDisconnected('Remote end closed connection without response'))
2026-07-28 14:08:50,145 [WARNING] app.services.quant.data_adapter: 拉取失败 unknown: ('Connection aborted.', RemoteDisconnected('Remote end closed connection without response'))
2026-07-28 14:08:50,226 [WARNING] app.services.quant.data_adapter: 拉取失败 unknown: ('Connection aborted.', RemoteDisconnected('Remote end closed connection without response'))
2026-07-28 14:08:50,242 [WARNING] app.services.quant.data_adapter: 拉取失败 unknown: ('Connection aborted.', RemoteDisconnected('Remote end closed connection without response'))
2026-07-28 14:08:50,252 [WARNING] app.services.quant.data_adapter: 拉取失败 unknown: ('Connection aborted.', RemoteDisconnected('Remote end closed connection without response'))
2026-07-28 14:08:50,335 [WARNING] app.services.quant.data_adapter: 拉取失败 unknown: ('Connection aborted.', RemoteDisconnected('Remote end closed connection without response'))
2026-07-28 14:08:50,338 [WARNING] app.services.quant.data_adapter: 拉取失败 unknown: ('Connection aborted.', RemoteDisconnected('Remote end closed connection without response'))
2026-07-28 14:08:50,353 [WARNING] app.services.quant.data_adapter: 拉取失败 unknown: ('Connection aborted.', RemoteDisconnected('Remote end closed connection without response'))
2026-07-28 14:08:50,430 [WARNING] app.services.quant.data_adapter: 拉取失败 unknown: ('Connection aborted.', RemoteDisconnected('Remote end closed connection without response'))
2026-07-28 14:08:50,453 [WARNING] app.services.quant.data_adapter: 拉取失败 unknown: ('Connection aborted.', RemoteDisconnected('Remote end closed connection without response'))
2026-07-28 14:08:50,461 [WARNING] app.services.quant.data_adapter: 拉取失败 unknown: ('Connection aborted.', RemoteDisconnected('Remote end closed connection without response'))
2026-07-28 14:08:50,544 [WARNING] app.services.quant.data_adapter: 拉取失败 unknown: ('Connection aborted.', RemoteDisconnected('Remote end closed connection without response'))
2026-07-28 14:08:50,554 [WARNING] app.services.quant.data_adapter: 拉取失败 unknown: ('Connection aborted.', RemoteDisconnected('Remote end closed connection without response'))
2026-07-28 14:08:50,562 [WARNING] app.services.quant.data_adapter: 拉取失败 unknown: ('Connection aborted.', RemoteDisconnected('Remote end closed connection without response'))
2026-07-28 14:08:50,645 [WARNING] app.services.quant.data_adapter: 拉取失败 unknown: ('Connection aborted.', RemoteDisconnected('Remote end closed connection without response'))
2026-07-28 14:08:50,654 [WARNING] app.services.quant.data_adapter: 拉取失败 unknown: ('Connection aborted.', RemoteDisconnected('Remote end closed connection without response'))
2026-07-28 14:08:50,672 [WARNING] app.services.quant.data_adapter: 拉取失败 unknown: ('Connection aborted.', RemoteDisconnected('Remote end closed connection without response'))
2026-07-28 14:08:50,752 [WARNING] app.services.quant.data_adapter: 拉取失败 unknown: ('Connection aborted.', RemoteDisconnected('Remote end closed connection without response'))
2026-07-28 14:08:50,764 [WARNING] app.services.quant.data_adapter: 拉取失败 unknown: ('Connection aborted.', RemoteDisconnected('Remote end closed connection without response'))
2026-07-28 14:08:50,771 [WARNING] app.services.quant.data_adapter: 拉取失败 unknown: ('Connection aborted.', RemoteDisconnected('Remote end closed connection without response'))
2026-07-28 14:08:50,852 [WARNING] app.services.quant.data_adapter: 拉取失败 unknown: ('Connection aborted.', RemoteDisconnected('Remote end closed connection without response'))
2026-07-28 14:08:50,879 [WARNING] app.services.quant.data_adapter: 拉取失败 unknown: ('Connection aborted.', RemoteDisconnected('Remote end closed connection without response'))
2026-07-28 14:08:50,881 [WARNING] app.services.quant.data_adapter: 拉取失败 unknown: ('Connection aborted.', RemoteDisconnected('Remote end closed connection without response'))
2026-07-28 14:08:50,966 [WARNING] app.services.quant.data_adapter: 拉取失败 unknown: ('Connection aborted.', RemoteDisconnected('Remote end closed connection without response'))
2026-07-28 14:08:50,978 [WARNING] app.services.quant.data_adapter: 拉取失败 unknown: ('Connection aborted.', RemoteDisconnected('Remote end closed connection without response'))
2026-07-28 14:08:51,002 [WARNING] app.services.quant.data_adapter: 拉取失败 unknown: ('Connection aborted.', RemoteDisconnected('Remote end closed connection without response'))
2026-07-28 14:08:51,076 [WARNING] app.services.quant.data_adapter: 拉取失败 unknown: ('Connection aborted.', RemoteDisconnected('Remote end closed connection without response'))
2026-07-28 14:08:51,101 [WARNING] app.services.quant.data_adapter: 拉取失败 unknown: ('Connection aborted.', RemoteDisconnected('Remote end closed connection without response'))
2026-07-28 14:08:51,123 [WARNING] app.services.quant.data_adapter: 拉取失败 unknown: ('Connection aborted.', RemoteDisconnected('Remote end closed connection without response'))
2026-07-28 14:08:51,204 [WARNING] app.services.quant.data_adapter: 拉取失败 unknown: ('Connection aborted.', RemoteDisconnected('Remote end closed connection without response'))
2026-07-28 14:08:51,223 [WARNING] app.services.quant.data_adapter: 拉取失败 unknown: ('Connection aborted.', RemoteDisconnected('Remote end closed connection without response'))
2026-07-28 14:08:51,243 [WARNING] app.services.quant.data_adapter: 拉取失败 unknown: ('Connection aborted.', RemoteDisconnected('Remote end closed connection without response'))
2026-07-28 14:08:51,322 [WARNING] app.services.quant.data_adapter: 拉取失败 unknown: ('Connection aborted.', RemoteDisconnected('Remote end closed connection without response'))
2026-07-28 14:08:51,343 [WARNING] app.services.quant.data_adapter: 拉取失败 unknown: ('Connection aborted.', RemoteDisconnected('Remote end closed connection without response'))
2026-07-28 14:08:51,345 [WARNING] app.services.quant.data_adapter: 拉取失败 unknown: ('Connection aborted.', RemoteDisconnected('Remote end closed connection without response'))
2026-07-28 14:08:51,426 [WARNING] app.services.quant.data_adapter: 拉取失败 unknown: ('Connection aborted.', RemoteDisconnected('Remote end closed connection without response'))
2026-07-28 14:08:51,561 [WARNING] app.services.quant.data_adapter: 拉取失败 unknown: ('Connection aborted.', RemoteDisconnected('Remote end closed connection without response'))
2026-07-28 14:08:51,589 [WARNING] app.services.quant.data_adapter: 拉取失败 unknown: ('Connection aborted.', RemoteDisconnected('Remote end closed connection without response'))
2026-07-28 14:08:51,593 [WARNING] app.services.quant.data_adapter: 拉取失败 unknown: ('Connection aborted.', RemoteDisconnected('Remote end closed connection without response'))
2026-07-28 14:08:51,656 [WARNING] app.services.quant.data_adapter: 拉取失败 unknown: ('Connection aborted.', RemoteDisconnected('Remote end closed connection without response'))
2026-07-28 14:08:51,705 [WARNING] app.services.quant.data_adapter: 拉取失败 unknown: ('Connection aborted.', RemoteDisconnected('Remote end closed connection without response'))
2026-07-28 14:08:51,712 [WARNING] app.services.quant.data_adapter: 拉取失败 unknown: ('Connection aborted.', RemoteDisconnected('Remote end closed connection without response'))
2026-07-28 14:08:51,783 [WARNING] app.services.quant.data_adapter: 拉取失败 unknown: ('Connection aborted.', RemoteDisconnected('Remote end closed connection without response'))
2026-07-28 14:08:51,806 [WARNING] app.services.quant.data_adapter: 拉取失败 unknown: ('Connection aborted.', RemoteDisconnected('Remote end closed connection without response'))
2026-07-28 14:08:51,831 [WARNING] app.services.quant.data_adapter: 拉取失败 unknown: ('Connection aborted.', RemoteDisconnected('Remote end closed connection without response'))
2026-07-28 14:08:51,892 [WARNING] app.services.quant.data_adapter: 拉取失败 unknown: ('Connection aborted.', RemoteDisconnected('Remote end closed connection without response'))
2026-07-28 14:08:51,910 [WARNING] app.services.quant.data_adapter: 拉取失败 unknown: ('Connection aborted.', RemoteDisconnected('Remote end closed connection without response'))
2026-07-28 14:08:51,945 [WARNING] app.services.quant.data_adapter: 拉取失败 unknown: ('Connection aborted.', RemoteDisconnected('Remote end closed connection without response'))
2026-07-28 14:08:52,022 [WARNING] app.services.quant.data_adapter: 拉取失败 unknown: ('Connection aborted.', RemoteDisconnected('Remote end closed connection without response'))
2026-07-28 14:08:52,027 [WARNING] app.services.quant.data_adapter: 拉取失败 unknown: ('Connection aborted.', RemoteDisconnected('Remote end closed connection without response'))
2026-07-28 14:08:52,063 [WARNING] app.services.quant.data_adapter: 拉取失败 unknown: ('Connection aborted.', RemoteDisconnected('Remote end closed connection without response'))
2026-07-28 14:08:52,128 [WARNING] app.services.quant.data_adapter: 拉取失败 unknown: ('Connection aborted.', RemoteDisconnected('Remote end closed connection without response'))
2026-07-28 14:08:52,143 [WARNING] app.services.quant.data_adapter: 拉取失败 unknown: ('Connection aborted.', RemoteDisconnected('Remote end closed connection without response'))
2026-07-28 14:08:52,234 [WARNING] app.services.quant.data_adapter: 拉取失败 unknown: ('Connection aborted.', RemoteDisconnected('Remote end closed connection without response'))
2026-07-28 14:08:52,257 [WARNING] app.services.quant.data_adapter: 拉取失败 unknown: ('Connection aborted.', RemoteDisconnected('Remote end closed connection without response'))
2026-07-28 14:08:52,354 [WARNING] app.services.quant.data_adapter: 拉取失败 unknown: ('Connection aborted.', RemoteDisconnected('Remote end closed connection without response'))
2026-07-28 14:08:52,386 [WARNING] app.services.quant.data_adapter: 拉取失败 unknown: ('Connection aborted.', RemoteDisconnected('Remote end closed connection without response'))
2026-07-28 14:08:52,488 [WARNING] app.services.quant.data_adapter: 拉取失败 unknown: ('Connection aborted.', RemoteDisconnected('Remote end closed connection without response'))
2026-07-28 14:08:52,495 [WARNING] app.services.quant.data_adapter: 拉取失败 unknown: ('Connection aborted.', RemoteDisconnected('Remote end closed connection without response'))
2026-07-28 14:08:52,594 [WARNING] app.services.quant.data_adapter: 拉取失败 unknown: ('Connection aborted.', RemoteDisconnected('Remote end closed connection without response'))
2026-07-28 14:08:52,624 [WARNING] app.services.quant.data_adapter: 拉取失败 unknown: ('Connection aborted.', RemoteDisconnected('Remote end closed connection without response'))
2026-07-28 14:08:52,698 [WARNING] app.services.quant.data_adapter: 拉取失败 unknown: ('Connection aborted.', RemoteDisconnected('Remote end closed connection without response'))
2026-07-28 14:08:52,731 [WARNING] app.services.quant.data_adapter: 拉取失败 unknown: ('Connection aborted.', RemoteDisconnected('Remote end closed connection without response'))
2026-07-28 14:08:52,810 [WARNING] app.services.quant.data_adapter: 拉取失败 unknown: ('Connection aborted.', RemoteDisconnected('Remote end closed connection without response'))
2026-07-28 14:08:52,849 [WARNING] app.services.quant.data_adapter: 拉取失败 unknown: ('Connection aborted.', RemoteDisconnected('Remote end closed connection without response'))
2026-07-28 14:08:52,925 [WARNING] app.services.quant.data_adapter: 拉取失败 unknown: ('Connection aborted.', RemoteDisconnected('Remote end closed connection without response'))
2026-07-28 14:08:52,958 [WARNING] app.services.quant.data_adapter: 拉取失败 unknown: ('Connection aborted.', RemoteDisconnected('Remote end closed connection without response'))
2026-07-28 14:08:53,028 [WARNING] app.services.quant.data_adapter: 拉取失败 unknown: ('Connection aborted.', RemoteDisconnected('Remote end closed connection without response'))
2026-07-28 14:08:53,192 [WARNING] app.services.quant.data_adapter: 拉取失败 unknown: ('Connection aborted.', RemoteDisconnected('Remote end closed connection without response'))
2026-07-28 14:08:53,254 [WARNING] app.services.quant.data_adapter: 拉取失败 unknown: ('Connection aborted.', RemoteDisconnected('Remote end closed connection without response'))
2026-07-28 14:08:53,258 [WARNING] app.services.quant.data_adapter: 拉取失败 unknown: ('Connection aborted.', RemoteDisconnected('Remote end closed connection without response'))
2026-07-28 14:08:53,290 [WARNING] app.services.quant.data_adapter: 拉取失败 unknown: ('Connection aborted.', RemoteDisconnected('Remote end closed connection without response'))
2026-07-28 14:08:53,356 [WARNING] app.services.quant.data_adapter: 拉取失败 unknown: ('Connection aborted.', RemoteDisconnected('Remote end closed connection without response'))
2026-07-28 14:08:53,372 [WARNING] app.services.quant.data_adapter: 拉取失败 unknown: ('Connection aborted.', RemoteDisconnected('Remote end closed connection without response'))
2026-07-28 14:08:53,400 [WARNING] app.services.quant.data_adapter: 拉取失败 unknown: ('Connection aborted.', RemoteDisconnected('Remote end closed connection without response'))
2026-07-28 14:08:53,474 [WARNING] app.services.quant.data_adapter: 拉取失败 unknown: ('Connection aborted.', RemoteDisconnected('Remote end closed connection without response'))
2026-07-28 14:08:53,480 [WARNING] app.services.quant.data_adapter: 拉取失败 unknown: ('Connection aborted.', RemoteDisconnected('Remote end closed connection without response'))
2026-07-28 14:08:53,500 [WARNING] app.services.quant.data_adapter: 拉取失败 unknown: ('Connection aborted.', RemoteDisconnected('Remote end closed connection without response'))
2026-07-28 14:08:53,575 [WARNING] app.services.quant.data_adapter: 拉取失败 unknown: ('Connection aborted.', RemoteDisconnected('Remote end closed connection without response'))
2026-07-28 14:08:53,578 [WARNING] app.services.quant.data_adapter: 拉取失败 unknown: ('Connection aborted.', RemoteDisconnected('Remote end closed connection without response'))
2026-07-28 14:08:53,609 [WARNING] app.services.quant.data_adapter: 拉取失败 unknown: ('Connection aborted.', RemoteDisconnected('Remote end closed connection without response'))
2026-07-28 14:08:53,684 [WARNING] app.services.quant.data_adapter: 拉取失败 unknown: ('Connection aborted.', RemoteDisconnected('Remote end closed connection without response'))
2026-07-28 14:08:53,686 [WARNING] app.services.quant.data_adapter: 拉取失败 unknown: ('Connection aborted.', RemoteDisconnected('Remote end closed connection without response'))
2026-07-28 14:08:53,722 [WARNING] app.services.quant.data_adapter: 拉取失败 unknown: ('Connection aborted.', RemoteDisconnected('Remote end closed connection without response'))
2026-07-28 14:08:53,809 [WARNING] app.services.quant.data_adapter: 拉取失败 unknown: ('Connection aborted.', RemoteDisconnected('Remote end closed connection without response'))
2026-07-28 14:08:53,814 [WARNING] app.services.quant.data_adapter: 拉取失败 unknown: ('Connection aborted.', RemoteDisconnected('Remote end closed connection without response'))
2026-07-28 14:08:53,838 [WARNING] app.services.quant.data_adapter: 拉取失败 unknown: ('Connection aborted.', RemoteDisconnected('Remote end closed connection without response'))
2026-07-28 14:08:53,915 [WARNING] app.services.quant.data_adapter: 拉取失败 unknown: ('Connection aborted.', RemoteDisconnected('Remote end closed connection without response'))
2026-07-28 14:08:53,929 [WARNING] app.services.quant.data_adapter: 拉取失败 unknown: ('Connection aborted.', RemoteDisconnected('Remote end closed connection without response'))
2026-07-28 14:08:53,947 [WARNING] app.services.quant.data_adapter: 拉取失败 unknown: ('Connection aborted.', RemoteDisconnected('Remote end closed connection without response'))
2026-07-28 14:08:54,035 [WARNING] app.services.quant.data_adapter: 拉取失败 unknown: ('Connection aborted.', RemoteDisconnected('Remote end closed connection without response'))
2026-07-28 14:08:54,041 [WARNING] app.services.quant.data_adapter: 拉取失败 unknown: ('Connection aborted.', RemoteDisconnected('Remote end closed connection without response'))
2026-07-28 14:08:54,062 [WARNING] app.services.quant.data_adapter: 拉取失败 unknown: ('Connection aborted.', RemoteDisconnected('Remote end closed connection without response'))
2026-07-28 14:08:54,151 [WARNING] app.services.quant.data_adapter: 拉取失败 unknown: ('Connection aborted.', RemoteDisconnected('Remote end closed connection without response'))
2026-07-28 14:08:54,156 [WARNING] app.services.quant.data_adapter: 拉取失败 unknown: ('Connection aborted.', RemoteDisconnected('Remote end closed connection without response'))
2026-07-28 14:08:54,165 [WARNING] app.services.quant.data_adapter: 拉取失败 unknown: ('Connection aborted.', RemoteDisconnected('Remote end closed connection without response'))
2026-07-28 14:08:54,261 [WARNING] app.services.quant.data_adapter: 拉取失败 unknown: ('Connection aborted.', RemoteDisconnected('Remote end closed connection without response'))
2026-07-28 14:08:54,272 [WARNING] app.services.quant.data_adapter: 拉取失败 unknown: ('Connection aborted.', RemoteDisconnected('Remote end closed connection without response'))
2026-07-28 14:08:54,278 [WARNING] app.services.quant.data_adapter: 拉取失败 unknown: ('Connection aborted.', RemoteDisconnected('Remote end closed connection without response'))
2026-07-28 14:08:54,363 [WARNING] app.services.quant.data_adapter: 拉取失败 unknown: ('Connection aborted.', RemoteDisconnected('Remote end closed connection without response'))
2026-07-28 14:08:54,377 [WARNING] app.services.quant.data_adapter: 拉取失败 unknown: ('Connection aborted.', RemoteDisconnected('Remote end closed connection without response'))
2026-07-28 14:08:54,393 [WARNING] app.services.quant.data_adapter: 拉取失败 unknown: ('Connection aborted.', RemoteDisconnected('Remote end closed connection without response'))
2026-07-28 14:08:54,474 [WARNING] app.services.quant.data_adapter: 拉取失败 unknown: ('Connection aborted.', RemoteDisconnected('Remote end closed connection without response'))
2026-07-28 14:08:54,499 [WARNING] app.services.quant.data_adapter: 拉取失败 unknown: ('Connection aborted.', RemoteDisconnected('Remote end closed connection without response'))
2026-07-28 14:08:54,506 [WARNING] app.services.quant.data_adapter: 拉取失败 unknown: ('Connection aborted.', RemoteDisconnected('Remote end closed connection without response'))
2026-07-28 14:08:54,575 [WARNING] app.services.quant.data_adapter: 拉取失败 unknown: ('Connection aborted.', RemoteDisconnected('Remote end closed connection without response'))
2026-07-28 14:08:54,610 [WARNING] app.services.quant.data_adapter: 拉取失败 unknown: ('Connection aborted.', RemoteDisconnected('Remote end closed connection without response'))
2026-07-28 14:08:54,613 [WARNING] app.services.quant.data_adapter: 拉取失败 unknown: ('Connection aborted.', RemoteDisconnected('Remote end closed connection without response'))
2026-07-28 14:08:54,683 [WARNING] app.services.quant.data_adapter: 拉取失败 unknown: ('Connection aborted.', RemoteDisconnected('Remote end closed connection without response'))
2026-07-28 14:08:54,714 [WARNING] app.services.quant.data_adapter: 拉取失败 unknown: ('Connection aborted.', RemoteDisconnected('Remote end closed connection without response'))
2026-07-28 14:08:54,716 [WARNING] app.services.quant.data_adapter: 拉取失败 unknown: ('Connection aborted.', RemoteDisconnected('Remote end closed connection without response'))
2026-07-28 14:08:54,794 [WARNING] app.services.quant.data_adapter: 拉取失败 unknown: ('Connection aborted.', RemoteDisconnected('Remote end closed connection without response'))
2026-07-28 14:08:54,821 [WARNING] app.services.quant.data_adapter: 拉取失败 unknown: ('Connection aborted.', RemoteDisconnected('Remote end closed connection without response'))
2026-07-28 14:08:54,829 [WARNING] app.services.quant.data_adapter: 拉取失败 unknown: ('Connection aborted.', RemoteDisconnected('Remote end closed connection without response'))
2026-07-28 14:08:54,898 [WARNING] app.services.quant.data_adapter: 拉取失败 unknown: ('Connection aborted.', RemoteDisconnected('Remote end closed connection without response'))
2026-07-28 14:08:54,947 [WARNING] app.services.quant.data_adapter: 拉取失败 unknown: ('Connection aborted.', RemoteDisconnected('Remote end closed connection without response'))
2026-07-28 14:08:54,948 [WARNING] app.services.quant.data_adapter: 拉取失败 unknown: ('Connection aborted.', RemoteDisconnected('Remote end closed connection without response'))
2026-07-28 14:08:55,012 [WARNING] app.services.quant.data_adapter: 拉取失败 unknown: ('Connection aborted.', RemoteDisconnected('Remote end closed connection without response'))
2026-07-28 14:08:55,049 [WARNING] app.services.quant.data_adapter: 拉取失败 unknown: ('Connection aborted.', RemoteDisconnected('Remote end closed connection without response'))
2026-07-28 14:08:55,062 [WARNING] app.services.quant.data_adapter: 拉取失败 unknown: ('Connection aborted.', RemoteDisconnected('Remote end closed connection without response'))
2026-07-28 14:08:55,119 [WARNING] app.services.quant.data_adapter: 拉取失败 unknown: ('Connection aborted.', RemoteDisconnected('Remote end closed connection without response'))
2026-07-28 14:08:55,153 [WARNING] app.services.quant.data_adapter: 拉取失败 unknown: ('Connection aborted.', RemoteDisconnected('Remote end closed connection without response'))
2026-07-28 14:08:55,163 [WARNING] app.services.quant.data_adapter: 拉取失败 unknown: ('Connection aborted.', RemoteDisconnected('Remote end closed connection without response'))
2026-07-28 14:08:55,233 [WARNING] app.services.quant.data_adapter: 拉取失败 unknown: ('Connection aborted.', RemoteDisconnected('Remote end closed connection without response'))
2026-07-28 14:08:55,267 [WARNING] app.services.quant.data_adapter: 拉取失败 unknown: ('Connection aborted.', RemoteDisconnected('Remote end closed connection without response'))
2026-07-28 14:08:55,272 [WARNING] app.services.quant.data_adapter: 拉取失败 unknown: ('Connection aborted.', RemoteDisconnected('Remote end closed connection without response'))
2026-07-28 14:08:55,352 [WARNING] app.services.quant.data_adapter: 拉取失败 unknown: ('Connection aborted.', RemoteDisconnected('Remote end closed connection without response'))
2026-07-28 14:08:55,380 [WARNING] app.services.quant.data_adapter: 拉取失败 unknown: ('Connection aborted.', RemoteDisconnected('Remote end closed connection without response'))
2026-07-28 14:08:55,382 [WARNING] app.services.quant.data_adapter: 拉取失败 unknown: ('Connection aborted.', RemoteDisconnected('Remote end closed connection without response'))
2026-07-28 14:08:55,453 [WARNING] app.services.quant.data_adapter: 拉取失败 unknown: ('Connection aborted.', RemoteDisconnected('Remote end closed connection without response'))
2026-07-28 14:08:55,500 [WARNING] app.services.quant.data_adapter: 拉取失败 unknown: ('Connection aborted.', RemoteDisconnected('Remote end closed connection without response'))
2026-07-28 14:08:55,510 [WARNING] app.services.quant.data_adapter: 拉取失败 unknown: ('Connection aborted.', RemoteDisconnected('Remote end closed connection without response'))
2026-07-28 14:08:55,563 [WARNING] app.services.quant.data_adapter: 拉取失败 unknown: ('Connection aborted.', RemoteDisconnected('Remote end closed connection without response'))
2026-07-28 14:08:55,615 [WARNING] app.services.quant.data_adapter: 拉取失败 unknown: ('Connection aborted.', RemoteDisconnected('Remote end closed connection without response'))
2026-07-28 14:08:55,617 [WARNING] app.services.quant.data_adapter: 拉取失败 unknown: ('Connection aborted.', RemoteDisconnected('Remote end closed connection without response'))
2026-07-28 14:08:55,673 [WARNING] app.services.quant.data_adapter: 拉取失败 unknown: ('Connection aborted.', RemoteDisconnected('Remote end closed connection without response'))
2026-07-28 14:08:55,722 [WARNING] app.services.quant.data_adapter: 拉取失败 unknown: ('Connection aborted.', RemoteDisconnected('Remote end closed connection without response'))
2026-07-28 14:08:55,724 [WARNING] app.services.quant.data_adapter: 拉取失败 unknown: ('Connection aborted.', RemoteDisconnected('Remote end closed connection without response'))
2026-07-28 14:08:55,773 [WARNING] app.services.quant.data_adapter: 拉取失败 unknown: ('Connection aborted.', RemoteDisconnected('Remote end closed connection without response'))
2026-07-28 14:08:55,835 [WARNING] app.services.quant.data_adapter: 拉取失败 unknown: ('Connection aborted.', RemoteDisconnected('Remote end closed connection without response'))
2026-07-28 14:08:55,841 [WARNING] app.services.quant.data_adapter: 拉取失败 unknown: ('Connection aborted.', RemoteDisconnected('Remote end closed connection without response'))
2026-07-28 14:08:55,897 [WARNING] app.services.quant.data_adapter: 拉取失败 unknown: ('Connection aborted.', RemoteDisconnected('Remote end closed connection without response'))
2026-07-28 14:08:55,956 [WARNING] app.services.quant.data_adapter: 拉取失败 unknown: ('Connection aborted.', RemoteDisconnected('Remote end closed connection without response'))
2026-07-28 14:08:55,957 [WARNING] app.services.quant.data_adapter: 拉取失败 unknown: ('Connection aborted.', RemoteDisconnected('Remote end closed connection without response'))
2026-07-28 14:08:56,004 [WARNING] app.services.quant.data_adapter: 拉取失败 unknown: ('Connection aborted.', RemoteDisconnected('Remote end closed connection without response'))
2026-07-28 14:08:56,063 [WARNING] app.services.quant.data_adapter: 拉取失败 unknown: ('Connection aborted.', RemoteDisconnected('Remote end closed connection without response'))
2026-07-28 14:08:56,068 [WARNING] app.services.quant.data_adapter: 拉取失败 unknown: ('Connection aborted.', RemoteDisconnected('Remote end closed connection without response'))
2026-07-28 14:08:56,122 [WARNING] app.services.quant.data_adapter: 拉取失败 unknown: ('Connection aborted.', RemoteDisconnected('Remote end closed connection without response'))
2026-07-28 14:08:56,178 [WARNING] app.services.quant.data_adapter: 拉取失败 unknown: ('Connection aborted.', RemoteDisconnected('Remote end closed connection without response'))
2026-07-28 14:08:56,188 [WARNING] app.services.quant.data_adapter: 拉取失败 unknown: ('Connection aborted.', RemoteDisconnected('Remote end closed connection without response'))
2026-07-28 14:08:56,237 [WARNING] app.services.quant.data_adapter: 拉取失败 unknown: ('Connection aborted.', RemoteDisconnected('Remote end closed connection without response'))
2026-07-28 14:08:56,276 [WARNING] app.services.quant.data_adapter: 拉取失败 unknown: ('Connection aborted.', RemoteDisconnected('Remote end closed connection without response'))
2026-07-28 14:08:56,303 [WARNING] app.services.quant.data_adapter: 拉取失败 unknown: ('Connection aborted.', RemoteDisconnected('Remote end closed connection without response'))
2026-07-28 14:08:56,374 [WARNING] app.services.quant.data_adapter: 拉取失败 unknown: ('Connection aborted.', RemoteDisconnected('Remote end closed connection without response'))
2026-07-28 14:08:56,405 [WARNING] app.services.quant.data_adapter: 拉取失败 unknown: ('Connection aborted.', RemoteDisconnected('Remote end closed connection without response'))
2026-07-28 14:08:56,533 [WARNING] app.services.quant.data_adapter: 拉取失败 unknown: ('Connection aborted.', RemoteDisconnected('Remote end closed connection without response'))
2026-07-28 14:08:56,552 [WARNING] app.services.quant.data_adapter: 拉取失败 unknown: ('Connection aborted.', RemoteDisconnected('Remote end closed connection without response'))
2026-07-28 14:08:56,645 [WARNING] app.services.quant.data_adapter: 拉取失败 unknown: ('Connection aborted.', RemoteDisconnected('Remote end closed connection without response'))
2026-07-28 14:08:56,660 [WARNING] app.services.quant.data_adapter: 拉取失败 unknown: ('Connection aborted.', RemoteDisconnected('Remote end closed connection without response'))
2026-07-28 14:08:56,755 [WARNING] app.services.quant.data_adapter: 拉取失败 unknown: ('Connection aborted.', RemoteDisconnected('Remote end closed connection without response'))
2026-07-28 14:08:56,772 [WARNING] app.services.quant.data_adapter: 拉取失败 unknown: ('Connection aborted.', RemoteDisconnected('Remote end closed connection without response'))
2026-07-28 14:08:56,874 [WARNING] app.services.quant.data_adapter: 拉取失败 unknown: ('Connection aborted.', RemoteDisconnected('Remote end closed connection without response'))
2026-07-28 14:08:56,881 [WARNING] app.services.quant.data_adapter: 拉取失败 unknown: ('Connection aborted.', RemoteDisconnected('Remote end closed connection without response'))
2026-07-28 14:08:56,979 [WARNING] app.services.quant.data_adapter: 拉取失败 unknown: ('Connection aborted.', RemoteDisconnected('Remote end closed connection without response'))
2026-07-28 14:08:56,986 [WARNING] app.services.quant.data_adapter: 拉取失败 unknown: ('Connection aborted.', RemoteDisconnected('Remote end closed connection without response'))
2026-07-28 14:08:57,087 [WARNING] app.services.quant.data_adapter: 拉取失败 unknown: ('Connection aborted.', RemoteDisconnected('Remote end closed connection without response'))
2026-07-28 14:08:57,093 [WARNING] app.services.quant.data_adapter: 拉取失败 unknown: ('Connection aborted.', RemoteDisconnected('Remote end closed connection without response'))
2026-07-28 14:08:57,209 [WARNING] app.services.quant.data_adapter: 拉取失败 unknown: ('Connection aborted.', RemoteDisconnected('Remote end closed connection without response'))
2026-07-28 14:08:57,212 [WARNING] app.services.quant.data_adapter: 拉取失败 unknown: ('Connection aborted.', RemoteDisconnected('Remote end closed connection without response'))
2026-07-28 14:08:57,331 [WARNING] app.services.quant.data_adapter: 拉取失败 unknown: ('Connection aborted.', RemoteDisconnected('Remote end closed connection without response'))
2026-07-28 14:08:57,335 [WARNING] app.services.quant.data_adapter: 拉取失败 unknown: ('Connection aborted.', RemoteDisconnected('Remote end closed connection without response'))
2026-07-28 14:08:57,366 [WARNING] app.services.quant.data_adapter: 拉取失败 unknown: ('Connection aborted.', RemoteDisconnected('Remote end closed connection without response'))
2026-07-28 14:08:57,443 [WARNING] app.services.quant.data_adapter: 拉取失败 unknown: ('Connection aborted.', RemoteDisconnected('Remote end closed connection without response'))
2026-07-28 14:08:57,444 [WARNING] app.services.quant.data_adapter: 拉取失败 unknown: ('Connection aborted.', RemoteDisconnected('Remote end closed connection without response'))
2026-07-28 14:08:57,482 [WARNING] app.services.quant.data_adapter: 拉取失败 unknown: ('Connection aborted.', RemoteDisconnected('Remote end closed connection without response'))
2026-07-28 14:08:57,563 [WARNING] app.services.quant.data_adapter: 拉取失败 unknown: ('Connection aborted.', RemoteDisconnected('Remote end closed connection without response'))
2026-07-28 14:08:57,565 [WARNING] app.services.quant.data_adapter: 拉取失败 unknown: ('Connection aborted.', RemoteDisconnected('Remote end closed connection without response'))
2026-07-28 14:08:57,601 [WARNING] app.services.quant.data_adapter: 拉取失败 unknown: ('Connection aborted.', RemoteDisconnected('Remote end closed connection without response'))
2026-07-28 14:08:57,677 [WARNING] app.services.quant.data_adapter: 拉取失败 unknown: ('Connection aborted.', RemoteDisconnected('Remote end closed connection without response'))
2026-07-28 14:08:57,681 [WARNING] app.services.quant.data_adapter: 拉取失败 unknown: ('Connection aborted.', RemoteDisconnected('Remote end closed connection without response'))
2026-07-28 14:08:57,707 [WARNING] app.services.quant.data_adapter: 拉取失败 unknown: ('Connection aborted.', RemoteDisconnected('Remote end closed connection without response'))
2026-07-28 14:08:57,789 [WARNING] app.services.quant.data_adapter: 拉取失败 unknown: ('Connection aborted.', RemoteDisconnected('Remote end closed connection without response'))
2026-07-28 14:08:57,798 [WARNING] app.services.quant.data_adapter: 拉取失败 unknown: ('Connection aborted.', RemoteDisconnected('Remote end closed connection without response'))
2026-07-28 14:08:57,818 [WARNING] app.services.quant.data_adapter: 拉取失败 unknown: ('Connection aborted.', RemoteDisconnected('Remote end closed connection without response'))
2026-07-28 14:08:57,896 [WARNING] app.services.quant.data_adapter: 拉取失败 unknown: ('Connection aborted.', RemoteDisconnected('Remote end closed connection without response'))
2026-07-28 14:08:57,904 [WARNING] app.services.quant.data_adapter: 拉取失败 unknown: ('Connection aborted.', RemoteDisconnected('Remote end closed connection without response'))
2026-07-28 14:08:57,926 [WARNING] app.services.quant.data_adapter: 拉取失败 unknown: ('Connection aborted.', RemoteDisconnected('Remote end closed connection without response'))
2026-07-28 14:08:58,009 [WARNING] app.services.quant.data_adapter: 拉取失败 unknown: ('Connection aborted.', RemoteDisconnected('Remote end closed connection without response'))
2026-07-28 14:08:58,016 [WARNING] app.services.quant.data_adapter: 拉取失败 unknown: ('Connection aborted.', RemoteDisconnected('Remote end closed connection without response'))
2026-07-28 14:08:58,040 [WARNING] app.services.quant.data_adapter: 拉取失败 unknown: ('Connection aborted.', RemoteDisconnected('Remote end closed connection without response'))
2026-07-28 14:08:58,128 [WARNING] app.services.quant.data_adapter: 拉取失败 unknown: ('Connection aborted.', RemoteDisconnected('Remote end closed connection without response'))
2026-07-28 14:08:58,140 [WARNING] app.services.quant.data_adapter: 拉取失败 unknown: ('Connection aborted.', RemoteDisconnected('Remote end closed connection without response'))
2026-07-28 14:08:58,160 [WARNING] app.services.quant.data_adapter: 拉取失败 unknown: ('Connection aborted.', RemoteDisconnected('Remote end closed connection without response'))
2026-07-28 14:08:58,251 [WARNING] app.services.quant.data_adapter: 拉取失败 unknown: ('Connection aborted.', RemoteDisconnected('Remote end closed connection without response'))
2026-07-28 14:08:58,256 [WARNING] app.services.quant.data_adapter: 拉取失败 unknown: ('Connection aborted.', RemoteDisconnected('Remote end closed connection without response'))
2026-07-28 14:08:58,278 [WARNING] app.services.quant.data_adapter: 拉取失败 unknown: ('Connection aborted.', RemoteDisconnected('Remote end closed connection without response'))
2026-07-28 14:08:58,377 [WARNING] app.services.quant.data_adapter: 拉取失败 unknown: ('Connection aborted.', RemoteDisconnected('Remote end closed connection without response'))
2026-07-28 14:08:58,390 [WARNING] app.services.quant.data_adapter: 拉取失败 unknown: ('Connection aborted.', RemoteDisconnected('Remote end closed connection without response'))
2026-07-28 14:08:58,391 [WARNING] app.services.quant.data_adapter: 拉取失败 unknown: ('Connection aborted.', RemoteDisconnected('Remote end closed connection without response'))
2026-07-28 14:08:58,479 [WARNING] app.services.quant.data_adapter: 拉取失败 unknown: ('Connection aborted.', RemoteDisconnected('Remote end closed connection without response'))
2026-07-28 14:08:58,492 [WARNING] app.services.quant.data_adapter: 拉取失败 unknown: ('Connection aborted.', RemoteDisconnected('Remote end closed connection without response'))
2026-07-28 14:08:58,497 [WARNING] app.services.quant.data_adapter: 拉取失败 unknown: ('Connection aborted.', RemoteDisconnected('Remote end closed connection without response'))
2026-07-28 14:08:58,600 [WARNING] app.services.quant.data_adapter: 拉取失败 unknown: ('Connection aborted.', RemoteDisconnected('Remote end closed connection without response'))
2026-07-28 14:08:58,613 [WARNING] app.services.quant.data_adapter: 拉取失败 unknown: ('Connection aborted.', RemoteDisconnected('Remote end closed connection without response'))
2026-07-28 14:08:58,618 [WARNING] app.services.quant.data_adapter: 拉取失败 unknown: ('Connection aborted.', RemoteDisconnected('Remote end closed connection without response'))
2026-07-28 14:08:58,697 [WARNING] app.services.quant.data_adapter: 拉取失败 unknown: ('Connection aborted.', RemoteDisconnected('Remote end closed connection without response'))
2026-07-28 14:08:58,728 [WARNING] app.services.quant.data_adapter: 拉取失败 unknown: ('Connection aborted.', RemoteDisconnected('Remote end closed connection without response'))
2026-07-28 14:08:58,734 [WARNING] app.services.quant.data_adapter: 拉取失败 unknown: ('Connection aborted.', RemoteDisconnected('Remote end closed connection without response'))
2026-07-28 14:08:58,812 [WARNING] app.services.quant.data_adapter: 拉取失败 unknown: ('Connection aborted.', RemoteDisconnected('Remote end closed connection without response'))
2026-07-28 14:08:58,846 [WARNING] app.services.quant.data_adapter: 拉取失败 unknown: ('Connection aborted.', RemoteDisconnected('Remote end closed connection without response'))
2026-07-28 14:08:58,857 [WARNING] app.services.quant.data_adapter: 拉取失败 unknown: ('Connection aborted.', RemoteDisconnected('Remote end closed connection without response'))
2026-07-28 14:08:58,918 [WARNING] app.services.quant.data_adapter: 拉取失败 unknown: ('Connection aborted.', RemoteDisconnected('Remote end closed connection without response'))
2026-07-28 14:08:58,954 [WARNING] app.services.quant.data_adapter: 拉取失败 unknown: ('Connection aborted.', RemoteDisconnected('Remote end closed connection without response'))
2026-07-28 14:08:58,961 [WARNING] app.services.quant.data_adapter: 拉取失败 unknown: ('Connection aborted.', RemoteDisconnected('Remote end closed connection without response'))
2026-07-28 14:08:59,030 [WARNING] app.services.quant.data_adapter: 拉取失败 unknown: ('Connection aborted.', RemoteDisconnected('Remote end closed connection without response'))
2026-07-28 14:08:59,055 [WARNING] app.services.quant.data_adapter: 拉取失败 unknown: ('Connection aborted.', RemoteDisconnected('Remote end closed connection without response'))
2026-07-28 14:08:59,064 [WARNING] app.services.quant.data_adapter: 拉取失败 unknown: ('Connection aborted.', RemoteDisconnected('Remote end closed connection without response'))
2026-07-28 14:08:59,138 [WARNING] app.services.quant.data_adapter: 拉取失败 unknown: ('Connection aborted.', RemoteDisconnected('Remote end closed connection without response'))
2026-07-28 14:08:59,172 [WARNING] app.services.quant.data_adapter: 拉取失败 unknown: ('Connection aborted.', RemoteDisconnected('Remote end closed connection without response'))
2026-07-28 14:08:59,175 [WARNING] app.services.quant.data_adapter: 拉取失败 unknown: ('Connection aborted.', RemoteDisconnected('Remote end closed connection without response'))
2026-07-28 14:08:59,249 [WARNING] app.services.quant.data_adapter: 拉取失败 unknown: ('Connection aborted.', RemoteDisconnected('Remote end closed connection without response'))
2026-07-28 14:08:59,289 [WARNING] app.services.quant.data_adapter: 拉取失败 unknown: ('Connection aborted.', RemoteDisconnected('Remote end closed connection without response'))
2026-07-28 14:08:59,291 [WARNING] app.services.quant.data_adapter: 拉取失败 unknown: ('Connection aborted.', RemoteDisconnected('Remote end closed connection without response'))
2026-07-28 14:08:59,366 [WARNING] app.services.quant.data_adapter: 拉取失败 unknown: ('Connection aborted.', RemoteDisconnected('Remote end closed connection without response'))
2026-07-28 14:08:59,399 [WARNING] app.services.quant.data_adapter: 拉取失败 unknown: ('Connection aborted.', RemoteDisconnected('Remote end closed connection without response'))
2026-07-28 14:08:59,400 [WARNING] app.services.quant.data_adapter: 拉取失败 unknown: ('Connection aborted.', RemoteDisconnected('Remote end closed connection without response'))
2026-07-28 14:08:59,478 [WARNING] app.services.quant.data_adapter: 拉取失败 unknown: ('Connection aborted.', RemoteDisconnected('Remote end closed connection without response'))
2026-07-28 14:08:59,511 [WARNING] app.services.quant.data_adapter: 拉取失败 unknown: ('Connection aborted.', RemoteDisconnected('Remote end closed connection without response'))
2026-07-28 14:08:59,516 [WARNING] app.services.quant.data_adapter: 拉取失败 unknown: ('Connection aborted.', RemoteDisconnected('Remote end closed connection without response'))
2026-07-28 14:08:59,585 [WARNING] app.services.quant.data_adapter: 拉取失败 unknown: ('Connection aborted.', RemoteDisconnected('Remote end closed connection without response'))
2026-07-28 14:08:59,622 [WARNING] app.services.quant.data_adapter: 拉取失败 unknown: ('Connection aborted.', RemoteDisconnected('Remote end closed connection without response'))
2026-07-28 14:08:59,626 [WARNING] app.services.quant.data_adapter: 拉取失败 unknown: ('Connection aborted.', RemoteDisconnected('Remote end closed connection without response'))
2026-07-28 14:08:59,695 [WARNING] app.services.quant.data_adapter: 拉取失败 unknown: ('Connection aborted.', RemoteDisconnected('Remote end closed connection without response'))
2026-07-28 14:08:59,730 [WARNING] app.services.quant.data_adapter: 拉取失败 unknown: ('Connection aborted.', RemoteDisconnected('Remote end closed connection without response'))
2026-07-28 14:08:59,731 [WARNING] app.services.quant.data_adapter: 拉取失败 unknown: ('Connection aborted.', RemoteDisconnected('Remote end closed connection without response'))
2026-07-28 14:08:59,812 [WARNING] app.services.quant.data_adapter: 拉取失败 unknown: ('Connection aborted.', RemoteDisconnected('Remote end closed connection without response'))
2026-07-28 14:08:59,837 [WARNING] app.services.quant.data_adapter: 拉取失败 unknown: ('Connection aborted.', RemoteDisconnected('Remote end closed connection without response'))
2026-07-28 14:08:59,845 [WARNING] app.services.quant.data_adapter: 拉取失败 unknown: ('Connection aborted.', RemoteDisconnected('Remote end closed connection without response'))
2026-07-28 14:08:59,924 [WARNING] app.services.quant.data_adapter: 拉取失败 unknown: ('Connection aborted.', RemoteDisconnected('Remote end closed connection without response'))
2026-07-28 14:08:59,943 [WARNING] app.services.quant.data_adapter: 拉取失败 unknown: ('Connection aborted.', RemoteDisconnected('Remote end closed connection without response'))
2026-07-28 14:08:59,959 [WARNING] app.services.quant.data_adapter: 拉取失败 unknown: ('Connection aborted.', RemoteDisconnected('Remote end closed connection without response'))
2026-07-28 14:09:00,023 [WARNING] app.services.quant.data_adapter: 拉取失败 unknown: ('Connection aborted.', RemoteDisconnected('Remote end closed connection without response'))
2026-07-28 14:09:00,056 [WARNING] app.services.quant.data_adapter: 拉取失败 unknown: ('Connection aborted.', RemoteDisconnected('Remote end closed connection without response'))
2026-07-28 14:09:00,066 [WARNING] app.services.quant.data_adapter: 拉取失败 unknown: ('Connection aborted.', RemoteDisconnected('Remote end closed connection without response'))
2026-07-28 14:09:00,131 [WARNING] app.services.quant.data_adapter: 拉取失败 unknown: ('Connection aborted.', RemoteDisconnected('Remote end closed connection without response'))
2026-07-28 14:09:00,165 [WARNING] app.services.quant.data_adapter: 拉取失败 unknown: ('Connection aborted.', RemoteDisconnected('Remote end closed connection without response'))
2026-07-28 14:09:00,184 [WARNING] app.services.quant.data_adapter: 拉取失败 unknown: ('Connection aborted.', RemoteDisconnected('Remote end closed connection without response'))
2026-07-28 14:09:00,253 [WARNING] app.services.quant.data_adapter: 拉取失败 unknown: ('Connection aborted.', RemoteDisconnected('Remote end closed connection without response'))
2026-07-28 14:09:00,285 [WARNING] app.services.quant.data_adapter: 拉取失败 unknown: ('Connection aborted.', RemoteDisconnected('Remote end closed connection without response'))
2026-07-28 14:09:00,301 [WARNING] app.services.quant.data_adapter: 拉取失败 unknown: ('Connection aborted.', RemoteDisconnected('Remote end closed connection without response'))
2026-07-28 14:09:00,369 [WARNING] app.services.quant.data_adapter: 拉取失败 unknown: ('Connection aborted.', RemoteDisconnected('Remote end closed connection without response'))
2026-07-28 14:09:00,396 [WARNING] app.services.quant.data_adapter: 拉取失败 unknown: ('Connection aborted.', RemoteDisconnected('Remote end closed connection without response'))
2026-07-28 14:09:00,409 [WARNING] app.services.quant.data_adapter: 拉取失败 unknown: ('Connection aborted.', RemoteDisconnected('Remote end closed connection without response'))
2026-07-28 14:09:00,497 [WARNING] app.services.quant.data_adapter: 拉取失败 unknown: ('Connection aborted.', RemoteDisconnected('Remote end closed connection without response'))
2026-07-28 14:09:00,520 [WARNING] app.services.quant.data_adapter: 拉取失败 unknown: ('Connection aborted.', RemoteDisconnected('Remote end closed connection without response'))
2026-07-28 14:09:00,622 [WARNING] app.services.quant.data_adapter: 拉取失败 unknown: ('Connection aborted.', RemoteDisconnected('Remote end closed connection without response'))
2026-07-28 14:09:00,625 [WARNING] app.services.quant.data_adapter: 拉取失败 unknown: ('Connection aborted.', RemoteDisconnected('Remote end closed connection without response'))
2026-07-28 14:09:00,725 [WARNING] app.services.quant.data_adapter: 拉取失败 unknown: ('Connection aborted.', RemoteDisconnected('Remote end closed connection without response'))
2026-07-28 14:09:00,728 [WARNING] app.services.quant.data_adapter: 拉取失败 unknown: ('Connection aborted.', RemoteDisconnected('Remote end closed connection without response'))
2026-07-28 14:09:00,829 [WARNING] app.services.quant.data_adapter: 拉取失败 unknown: ('Connection aborted.', RemoteDisconnected('Remote end closed connection without response'))
2026-07-28 14:09:00,832 [WARNING] app.services.quant.data_adapter: 拉取失败 unknown: ('Connection aborted.', RemoteDisconnected('Remote end closed connection without response'))
2026-07-28 14:09:00,930 [WARNING] app.services.quant.data_adapter: 拉取失败 unknown: ('Connection aborted.', RemoteDisconnected('Remote end closed connection without response'))
2026-07-28 14:09:00,940 [WARNING] app.services.quant.data_adapter: 拉取失败 unknown: ('Connection aborted.', RemoteDisconnected('Remote end closed connection without response'))
2026-07-28 14:09:01,031 [WARNING] app.services.quant.data_adapter: 拉取失败 unknown: ('Connection aborted.', RemoteDisconnected('Remote end closed connection without response'))
2026-07-28 14:09:01,050 [WARNING] app.services.quant.data_adapter: 拉取失败 unknown: ('Connection aborted.', RemoteDisconnected('Remote end closed connection without response'))
2026-07-28 14:09:01,153 [WARNING] app.services.quant.data_adapter: 拉取失败 unknown: ('Connection aborted.', RemoteDisconnected('Remote end closed connection without response'))
2026-07-28 14:09:01,157 [WARNING] app.services.quant.data_adapter: 拉取失败 unknown: ('Connection aborted.', RemoteDisconnected('Remote end closed connection without response'))
2026-07-28 14:09:01,265 [WARNING] app.services.quant.data_adapter: 拉取失败 unknown: ('Connection aborted.', RemoteDisconnected('Remote end closed connection without response'))
2026-07-28 14:09:01,274 [WARNING] app.services.quant.data_adapter: 拉取失败 unknown: ('Connection aborted.', RemoteDisconnected('Remote end closed connection without response'))
2026-07-28 14:09:01,384 [WARNING] app.services.quant.data_adapter: 拉取失败 unknown: ('Connection aborted.', RemoteDisconnected('Remote end closed connection without response'))
2026-07-28 14:09:01,388 [WARNING] app.services.quant.data_adapter: 拉取失败 unknown: ('Connection aborted.', RemoteDisconnected('Remote end closed connection without response'))
2026-07-28 14:09:01,523 [WARNING] app.services.quant.data_adapter: 拉取失败 unknown: ('Connection aborted.', RemoteDisconnected('Remote end closed connection without response'))
2026-07-28 14:09:01,562 [WARNING] app.services.quant.data_adapter: 拉取失败 unknown: ('Connection aborted.', RemoteDisconnected('Remote end closed connection without response'))
2026-07-28 14:09:01,574 [ERROR] app.api.quant_data: 数据同步失败
Traceback (most recent call last):
  File "/home/joakim/qunt_project/backend/app/api/quant_data.py", line 83, in _run_sync_task
    summary = await sync_to_qlib(start_date, end_date, codes=codes)
              ^^^^^^^^^^^^^^^^^^^^^^^^^^^^^^^^^^^^^^^^^^^^^^^^^^^^^
  File "/home/joakim/qunt_project/backend/app/services/quant/data_adapter.py", line 287, in sync_to_qlib
    await asyncio.get_running_loop().run_in_executor(
  File "/home/joakim/.local/share/uv/python/cpython-3.11.15-linux-x86_64-gnu/lib/python3.11/concurrent/futures/thread.py", line 58, in run
    result = self.fn(*self.args, **self.kwargs)
             ^^^^^^^^^^^^^^^^^^^^^^^^^^^^^^^^^^
  File "/home/joakim/qunt_project/backend/app/services/quant/data_adapter.py", line 175, in _dump_to_qlib_bin
    raise ValueError("CSV 目录为空")
ValueError: CSV 目录为空
2026-07-28 14:09:11,353 [INFO] apscheduler.scheduler: Scheduler has been shut down
2026-07-28 14:22:32,772 [INFO] apscheduler.scheduler: Adding job tentatively -- it will be properly scheduled when the scheduler starts
2026-07-28 14:22:32,773 [INFO] apscheduler.scheduler: Added job "daily_quant_data_update" to job store "default"
2026-07-28 14:22:32,773 [INFO] apscheduler.scheduler: Scheduler started
2026-07-28 14:22:40,724 [INFO] app.services.quant.qlib_init: qlib 已初始化, provider_uri=/home/joakim/qunt_project/data/qlib_bin/cn_data
2026-07-28 14:25:28,430 [INFO] apscheduler.scheduler: Scheduler has been shut down
