2026-07-28 09:44:06,043 [INFO] apscheduler.scheduler: Adding job tentatively -- it will be properly scheduled when the scheduler starts
2026-07-28 09:44:06,043 [INFO] apscheduler.scheduler: Adding job tentatively -- it will be properly scheduled when the scheduler starts
2026-07-28 09:44:06,043 [INFO] apscheduler.scheduler: Adding job tentatively -- it will be properly scheduled when the scheduler starts
2026-07-28 09:44:06,044 [INFO] apscheduler.scheduler: Added job "daily_nav_update" to job store "default"
2026-07-28 09:44:06,045 [INFO] apscheduler.scheduler: Added job "backfill_prediction_errors" to job store "default"
2026-07-28 09:44:06,045 [INFO] apscheduler.scheduler: Added job "weekly_model_health_check" to job store "default"
2026-07-28 09:44:06,045 [INFO] apscheduler.scheduler: Scheduler started
2026-07-28 10:01:20,501 [INFO] apscheduler.scheduler: Adding job tentatively -- it will be properly scheduled when the scheduler starts
2026-07-28 10:01:20,502 [INFO] apscheduler.scheduler: Adding job tentatively -- it will be properly scheduled when the scheduler starts
2026-07-28 10:01:20,502 [INFO] apscheduler.scheduler: Adding job tentatively -- it will be properly scheduled when the scheduler starts
2026-07-28 10:01:20,503 [INFO] apscheduler.scheduler: Added job "daily_nav_update" to job store "default"
2026-07-28 10:01:20,503 [INFO] apscheduler.scheduler: Added job "backfill_prediction_errors" to job store "default"
2026-07-28 10:01:20,503 [INFO] apscheduler.scheduler: Added job "weekly_model_health_check" to job store "default"
2026-07-28 10:01:20,504 [INFO] apscheduler.scheduler: Scheduler started
2026-07-28 10:01:33,431 [INFO] app.services.quant.qlib_init: qlib 已初始化, provider_uri=/home/joakim/qunt_project/data/qlib_bin/cn_data
2026-07-28 10:01:48,076 [ERROR] app.api.factor: 因子评价失败 factor_id=1
Traceback (most recent call last):
  File "/home/joakim/qunt_project/.venv/lib/python3.11/site-packages/sqlalchemy/engine/base.py", line 1817, in _execute_context
    context = constructor(
              ^^^^^^^^^^^^
  File "/home/joakim/qunt_project/.venv/lib/python3.11/site-packages/sqlalchemy/engine/default.py", line 1494, in _init_compiled
    l_param: List[Any] = [
                         ^
  File "/home/joakim/qunt_project/.venv/lib/python3.11/site-packages/sqlalchemy/engine/default.py", line 1496, in <listcomp>
    flattened_processors[key](compiled_params[key])
  File "lib/sqlalchemy/cyextension/processors.pyx", line 27, in sqlalchemy.cyextension.processors.to_float
ValueError: could not convert string to float: '{"1": null, "2": null, "3": null, "4": null, "5": null, "6": null, "7": null, "8": null, "9": null, "10": null}'

The above exception was the direct cause of the following exception:

Traceback (most recent call last):
  File "/home/joakim/qunt_project/backend/app/api/factor.py", line 75, in _eval_factor_task
    await evaluate_factor_by_id(factor_id, start, end)
  File "/home/joakim/qunt_project/backend/app/services/factor/library.py", line 95, in evaluate_factor_by_id
    await update_factor_metrics(factor_id, metrics)
  File "/home/joakim/qunt_project/backend/app/services/factor/library.py", line 81, in update_factor_metrics
    await session.commit()
  File "/home/joakim/qunt_project/.venv/lib/python3.11/site-packages/sqlalchemy/ext/asyncio/session.py", line 999, in commit
    await greenlet_spawn(self.sync_session.commit)
  File "/home/joakim/qunt_project/.venv/lib/python3.11/site-packages/sqlalchemy/util/_concurrency_py3k.py", line 203, in greenlet_spawn
    result = context.switch(value)
             ^^^^^^^^^^^^^^^^^^^^^
  File "/home/joakim/qunt_project/.venv/lib/python3.11/site-packages/sqlalchemy/orm/session.py", line 2035, in commit
    trans.commit(_to_root=True)
  File "<string>", line 2, in commit
  File "/home/joakim/qunt_project/.venv/lib/python3.11/site-packages/sqlalchemy/orm/state_changes.py", line 137, in _go
    ret_value = fn(self, *arg, **kw)
                ^^^^^^^^^^^^^^^^^^^^
  File "/home/joakim/qunt_project/.venv/lib/python3.11/site-packages/sqlalchemy/orm/session.py", line 1316, in commit
    self._prepare_impl()
  File "<string>", line 2, in _prepare_impl
  File "/home/joakim/qunt_project/.venv/lib/python3.11/site-packages/sqlalchemy/orm/state_changes.py", line 137, in _go
    ret_value = fn(self, *arg, **kw)
                ^^^^^^^^^^^^^^^^^^^^
  File "/home/joakim/qunt_project/.venv/lib/python3.11/site-packages/sqlalchemy/orm/session.py", line 1290, in _prepare_impl
    self.session.flush()
  File "/home/joakim/qunt_project/.venv/lib/python3.11/site-packages/sqlalchemy/orm/session.py", line 4353, in flush
    self._flush(objects)
  File "/home/joakim/qunt_project/.venv/lib/python3.11/site-packages/sqlalchemy/orm/session.py", line 4488, in _flush
    with util.safe_reraise():
  File "/home/joakim/qunt_project/.venv/lib/python3.11/site-packages/sqlalchemy/util/langhelpers.py", line 122, in __exit__
    raise exc_value.with_traceback(exc_tb)
  File "/home/joakim/qunt_project/.venv/lib/python3.11/site-packages/sqlalchemy/orm/session.py", line 4449, in _flush
    flush_context.execute()
  File "/home/joakim/qunt_project/.venv/lib/python3.11/site-packages/sqlalchemy/orm/unitofwork.py", line 465, in execute
    rec.execute(self)
  File "/home/joakim/qunt_project/.venv/lib/python3.11/site-packages/sqlalchemy/orm/unitofwork.py", line 641, in execute
    util.preloaded.orm_persistence.save_obj(
  File "/home/joakim/qunt_project/.venv/lib/python3.11/site-packages/sqlalchemy/orm/persistence.py", line 86, in save_obj
    _emit_update_statements(
  File "/home/joakim/qunt_project/.venv/lib/python3.11/site-packages/sqlalchemy/orm/persistence.py", line 913, in _emit_update_statements
    c = connection.execute(
        ^^^^^^^^^^^^^^^^^^^
  File "/home/joakim/qunt_project/.venv/lib/python3.11/site-packages/sqlalchemy/engine/base.py", line 1421, in execute
    return meth(
           ^^^^^
  File "/home/joakim/qunt_project/.venv/lib/python3.11/site-packages/sqlalchemy/sql/elements.py", line 526, in _execute_on_connection
    return connection._execute_clauseelement(
           ^^^^^^^^^^^^^^^^^^^^^^^^^^^^^^^^^^
  File "/home/joakim/qunt_project/.venv/lib/python3.11/site-packages/sqlalchemy/engine/base.py", line 1643, in _execute_clauseelement
    ret = self._execute_context(
          ^^^^^^^^^^^^^^^^^^^^^^
  File "/home/joakim/qunt_project/.venv/lib/python3.11/site-packages/sqlalchemy/engine/base.py", line 1823, in _execute_context
    self._handle_dbapi_exception(
  File "/home/joakim/qunt_project/.venv/lib/python3.11/site-packages/sqlalchemy/engine/base.py", line 2365, in _handle_dbapi_exception
    raise sqlalchemy_exception.with_traceback(exc_info[2]) from e
  File "/home/joakim/qunt_project/.venv/lib/python3.11/site-packages/sqlalchemy/engine/base.py", line 1817, in _execute_context
    context = constructor(
              ^^^^^^^^^^^^
  File "/home/joakim/qunt_project/.venv/lib/python3.11/site-packages/sqlalchemy/engine/default.py", line 1494, in _init_compiled
    l_param: List[Any] = [
                         ^
  File "/home/joakim/qunt_project/.venv/lib/python3.11/site-packages/sqlalchemy/engine/default.py", line 1496, in <listcomp>
    flattened_processors[key](compiled_params[key])
  File "lib/sqlalchemy/cyextension/processors.pyx", line 27, in sqlalchemy.cyextension.processors.to_float
sqlalchemy.exc.StatementError: (builtins.ValueError) could not convert string to float: '{"1": null, "2": null, "3": null, "4": null, "5": null, "6": null, "7": null, "8": null, "9": null, "10": null}'
[SQL: UPDATE factor SET ic=?, rank_ic=?, icir=?, ir=?, turnover=?, decay=?, eval_start=?, eval_end=?, evaluated_at=? WHERE factor.id = ?]
[parameters: [{'evaluated_at': datetime.datetime(2026, 7, 28, 10, 1, 48, 73895), 'ic': 0.2078, 'ir': 0.423, 'icir': 0.4447, 'eval_start': '2020-01-01', 'decay': '{" ... (39 characters truncated) ... ll, "5": null, "6": null, "7": null, "8": null, "9": null, "10": null}', 'turnover': 0.0, 'rank_ic': 0.2077, 'eval_end': '2024-12-31', 'factor_id': 1}]]
2026-07-28 10:03:30,556 [INFO] apscheduler.scheduler: Adding job tentatively -- it will be properly scheduled when the scheduler starts
2026-07-28 10:03:30,556 [INFO] apscheduler.scheduler: Adding job tentatively -- it will be properly scheduled when the scheduler starts
2026-07-28 10:03:30,557 [INFO] apscheduler.scheduler: Adding job tentatively -- it will be properly scheduled when the scheduler starts
2026-07-28 10:03:30,557 [INFO] apscheduler.scheduler: Added job "daily_nav_update" to job store "default"
2026-07-28 10:03:30,557 [INFO] apscheduler.scheduler: Added job "backfill_prediction_errors" to job store "default"
2026-07-28 10:03:30,557 [INFO] apscheduler.scheduler: Added job "weekly_model_health_check" to job store "default"
2026-07-28 10:03:30,557 [INFO] apscheduler.scheduler: Scheduler started
2026-07-28 10:03:43,629 [INFO] app.services.quant.qlib_init: qlib 已初始化, provider_uri=/home/joakim/qunt_project/data/qlib_bin/cn_data
2026-07-28 10:15:25,275 [INFO] apscheduler.scheduler: Adding job tentatively -- it will be properly scheduled when the scheduler starts
2026-07-28 10:15:25,276 [INFO] apscheduler.scheduler: Adding job tentatively -- it will be properly scheduled when the scheduler starts
2026-07-28 10:15:25,276 [INFO] apscheduler.scheduler: Adding job tentatively -- it will be properly scheduled when the scheduler starts
2026-07-28 10:15:25,276 [INFO] apscheduler.scheduler: Added job "daily_nav_update" to job store "default"
2026-07-28 10:15:25,277 [INFO] apscheduler.scheduler: Added job "backfill_prediction_errors" to job store "default"
2026-07-28 10:15:25,277 [INFO] apscheduler.scheduler: Added job "weekly_model_health_check" to job store "default"
2026-07-28 10:15:25,277 [INFO] apscheduler.scheduler: Scheduler started
2026-07-28 10:15:48,163 [INFO] app.services.quant.qlib_init: qlib 已初始化, provider_uri=/home/joakim/qunt_project/data/qlib_bin/cn_data
2026-07-28 10:16:12,016 [ERROR] app.api.strategy: 策略回测失败 strategy_id=1
Traceback (most recent call last):
  File "/home/joakim/qunt_project/backend/app/api/strategy.py", line 62, in _run_backtest_task
    await run_strategy_backtest(strategy_id, start, end)
  File "/home/joakim/qunt_project/backend/app/services/strategy/manager.py", line 83, in run_strategy_backtest
    factor_ids = json.loads(strategy["factor_ids"]) if strategy["factor_ids"] else []
                 ^^^^^^^^^^^^^^^^^^^^^^^^^^^^^^^^^^
  File "/home/joakim/.local/share/uv/python/cpython-3.11.15-linux-x86_64-gnu/lib/python3.11/json/__init__.py", line 339, in loads
    raise TypeError(f'the JSON object must be str, bytes or bytearray, '
TypeError: the JSON object must be str, bytes or bytearray, not list
2026-07-28 10:18:06,594 [INFO] apscheduler.scheduler: Adding job tentatively -- it will be properly scheduled when the scheduler starts
2026-07-28 10:18:06,594 [INFO] apscheduler.scheduler: Adding job tentatively -- it will be properly scheduled when the scheduler starts
2026-07-28 10:18:06,595 [INFO] apscheduler.scheduler: Adding job tentatively -- it will be properly scheduled when the scheduler starts
2026-07-28 10:18:06,595 [INFO] apscheduler.scheduler: Added job "daily_nav_update" to job store "default"
2026-07-28 10:18:06,595 [INFO] apscheduler.scheduler: Added job "backfill_prediction_errors" to job store "default"
2026-07-28 10:18:06,596 [INFO] apscheduler.scheduler: Added job "weekly_model_health_check" to job store "default"
2026-07-28 10:18:06,596 [INFO] apscheduler.scheduler: Scheduler started
2026-07-28 10:18:21,382 [INFO] app.services.quant.qlib_init: qlib 已初始化, provider_uri=/home/joakim/qunt_project/data/qlib_bin/cn_data
2026-07-28 10:18:22,848 [INFO] app.services.quant.backtest_engine: 回测: 2025-01-01~2026-07-27 topk=50 n_drop=5 benchmark=SH000300
2026-07-28 11:52:45,055 [INFO] apscheduler.scheduler: Adding job tentatively -- it will be properly scheduled when the scheduler starts
2026-07-28 11:52:45,057 [INFO] apscheduler.scheduler: Adding job tentatively -- it will be properly scheduled when the scheduler starts
2026-07-28 11:52:45,057 [INFO] apscheduler.scheduler: Adding job tentatively -- it will be properly scheduled when the scheduler starts
2026-07-28 11:52:45,058 [INFO] apscheduler.scheduler: Added job "daily_nav_update" to job store "default"
2026-07-28 11:52:45,058 [INFO] apscheduler.scheduler: Added job "backfill_prediction_errors" to job store "default"
2026-07-28 11:52:45,059 [INFO] apscheduler.scheduler: Added job "weekly_model_health_check" to job store "default"
2026-07-28 11:52:45,059 [INFO] apscheduler.scheduler: Scheduler started
2026-07-28 11:52:45,160 [INFO] apscheduler.scheduler: Scheduler has been shut down
2026-07-28 11:52:46,711 [INFO] apscheduler.scheduler: Adding job tentatively -- it will be properly scheduled when the scheduler starts
2026-07-28 11:52:46,712 [INFO] apscheduler.scheduler: Adding job tentatively -- it will be properly scheduled when the scheduler starts
2026-07-28 11:52:46,712 [INFO] apscheduler.scheduler: Adding job tentatively -- it will be properly scheduled when the scheduler starts
2026-07-28 11:52:46,712 [INFO] apscheduler.scheduler: Added job "daily_nav_update" to job store "default"
2026-07-28 11:52:46,713 [INFO] apscheduler.scheduler: Added job "backfill_prediction_errors" to job store "default"
2026-07-28 11:52:46,713 [INFO] apscheduler.scheduler: Added job "weekly_model_health_check" to job store "default"
2026-07-28 11:52:46,713 [INFO] apscheduler.scheduler: Scheduler started
2026-07-28 11:53:06,766 [INFO] apscheduler.scheduler: Scheduler has been shut down
2026-07-28 11:53:13,647 [INFO] apscheduler.scheduler: Adding job tentatively -- it will be properly scheduled when the scheduler starts
2026-07-28 11:53:13,648 [INFO] apscheduler.scheduler: Adding job tentatively -- it will be properly scheduled when the scheduler starts
2026-07-28 11:53:13,649 [INFO] apscheduler.scheduler: Adding job tentatively -- it will be properly scheduled when the scheduler starts
2026-07-28 11:53:13,649 [INFO] apscheduler.scheduler: Added job "daily_nav_update" to job store "default"
2026-07-28 11:53:13,650 [INFO] apscheduler.scheduler: Added job "backfill_prediction_errors" to job store "default"
2026-07-28 11:53:13,650 [INFO] apscheduler.scheduler: Added job "weekly_model_health_check" to job store "default"
2026-07-28 11:53:13,650 [INFO] apscheduler.scheduler: Scheduler started
2026-07-28 11:53:20,870 [INFO] apscheduler.scheduler: Scheduler has been shut down
2026-07-28 11:53:22,575 [INFO] apscheduler.scheduler: Adding job tentatively -- it will be properly scheduled when the scheduler starts
2026-07-28 11:53:22,575 [INFO] apscheduler.scheduler: Adding job tentatively -- it will be properly scheduled when the scheduler starts
2026-07-28 11:53:22,575 [INFO] apscheduler.scheduler: Adding job tentatively -- it will be properly scheduled when the scheduler starts
2026-07-28 11:53:22,576 [INFO] apscheduler.scheduler: Added job "daily_nav_update" to job store "default"
2026-07-28 11:53:22,576 [INFO] apscheduler.scheduler: Added job "backfill_prediction_errors" to job store "default"
2026-07-28 11:53:22,576 [INFO] apscheduler.scheduler: Added job "weekly_model_health_check" to job store "default"
2026-07-28 11:53:22,576 [INFO] apscheduler.scheduler: Scheduler started
2026-07-28 11:53:30,702 [INFO] app.services.quant.qlib_init: qlib 已初始化, provider_uri=/home/joakim/qunt_project/data/qlib_bin/cn_data
2026-07-28 11:53:33,512 [INFO] apscheduler.scheduler: Scheduler has been shut down
